Target Part: A3P1000_PQFP208_STD
Report for cell piu_top.behavioral
  Core Cell usage:
              cell count     area count*area
              AND2   181      1.0      181.0
             AND2A    10      1.0       10.0
              AND3    78      1.0       78.0
               AO1   492      1.0      492.0
              AO13    13      1.0       13.0
              AO16     1      1.0        1.0
              AO18    28      1.0       28.0
              AO1A   290      1.0      290.0
              AO1B    28      1.0       28.0
              AO1C    72      1.0       72.0
              AO1D    42      1.0       42.0
              AOI1    60      1.0       60.0
             AOI1A    16      1.0       16.0
             AOI1B    98      1.0       98.0
               AX1    19      1.0       19.0
              AX1A    12      1.0       12.0
              AX1B    17      1.0       17.0
              AX1C    65      1.0       65.0
              AX1D     7      1.0        7.0
              AX1E     4      1.0        4.0
              AXO2     2      1.0        2.0
              AXO5     1      1.0        1.0
              AXO6     4      1.0        4.0
              AXO7     1      1.0        1.0
             AXOI3     2      1.0        2.0
             AXOI7     1      1.0        1.0
            CLKINT     5      0.0        0.0
               GND    53      0.0        0.0
               INV    14      1.0       14.0
              MAJ3    11      1.0       11.0
              MIN3     7      1.0        7.0
               MX2  2220      1.0     2220.0
              MX2A    44      1.0       44.0
              MX2B    63      1.0       63.0
              MX2C    62      1.0       62.0
              NOR2   476      1.0      476.0
             NOR2A  1475      1.0     1475.0
             NOR2B  1567      1.0     1567.0
              NOR3   141      1.0      141.0
             NOR3A   442      1.0      442.0
             NOR3B   650      1.0      650.0
             NOR3C   638      1.0      638.0
               OA1   241      1.0      241.0
              OA1A   126      1.0      126.0
              OA1B    89      1.0       89.0
              OA1C   129      1.0      129.0
              OAI1    40      1.0       40.0
               OR2   589      1.0      589.0
              OR2A   311      1.0      311.0
              OR2B    89      1.0       89.0
               OR3   621      1.0      621.0
              OR3A    80      1.0       80.0
              OR3B    38      1.0       38.0
              OR3C    20      1.0       20.0
               VCC    53      0.0        0.0
               XA1    62      1.0       62.0
              XA1A    42      1.0       42.0
              XA1B   169      1.0      169.0
              XA1C    23      1.0       23.0
              XAI1     2      1.0        2.0
             XAI1A     1      1.0        1.0
             XNOR2   112      1.0      112.0
             XNOR3    22      1.0       22.0
               XO1    19      1.0       19.0
              XO1A     3      1.0        3.0
              XOR2   484      1.0      484.0
              XOR3     8      1.0        8.0


            DFN1C0   272      1.0      272.0
            DFN1C1    37      1.0       37.0
          DFN1E0C0   283      1.0      283.0
          DFN1E0C1    90      1.0       90.0
          DFN1E0P0    31      1.0       31.0
          DFN1E0P1    12      1.0       12.0
          DFN1E1C0   926      1.0      926.0
          DFN1E1C1    84      1.0       84.0
          DFN1E1P0  1275      1.0     1275.0
          DFN1E1P1    10      1.0       10.0
            DFN1P0    64      1.0       64.0
            DFN1P1     6      1.0        6.0
            RAM4K9    18      0.0        0.0
         RAM512X18     2      0.0        0.0
                   -----          ----------
             TOTAL 15895             15764.0


  IO Cell usage:
              cell count
            CLKBUF     1
             INBUF     6
            OUTBUF    50
                   -----
             TOTAL    57


Core Cells         : 15764 of 24576 (64%)
IO Cells           : 57

  RAM/ROM Usage Summary
Block Rams : 20 of 32 (62%)

