Target Part: A3P1000_PQFP208_STD
Report for cell Top.verilog
  Core Cell usage:
              cell count     area count*area
              AND2     7      1.0        7.0
              AND3    32      1.0       32.0
               AO1     2      1.0        2.0
              AO1C     2      1.0        2.0
              AO1D     1      1.0        1.0
              AOI1    10      1.0       10.0
             AOI1B     9      1.0        9.0
              AX1A     5      1.0        5.0
              AX1B    16      1.0       16.0
              AX1C     3      1.0        3.0
              AX1D     2      1.0        2.0
              AX1E     2      1.0        2.0
             AXOI4     2      1.0        2.0
             AXOI5     2      1.0        2.0
               GND    16      0.0        0.0
               INV     9      1.0        9.0
              MAJ3     1      1.0        1.0
              MIN3     1      1.0        1.0
               MX2     8      1.0        8.0
              MX2A     3      1.0        3.0
              MX2B     2      1.0        2.0
              MX2C    13      1.0       13.0
              NOR2    15      1.0       15.0
             NOR2A    40      1.0       40.0
             NOR2B    62      1.0       62.0
              NOR3     5      1.0        5.0
             NOR3A    13      1.0       13.0
             NOR3B    11      1.0       11.0
             NOR3C    13      1.0       13.0
               OA1     1      1.0        1.0
              OA1B     2      1.0        2.0
              OA1C     1      1.0        1.0
               OR2    13      1.0       13.0
              OR2A     9      1.0        9.0
              OR2B     4      1.0        4.0
               OR3    10      1.0       10.0
              OR3A     4      1.0        4.0
              OR3C     2      1.0        2.0
               VCC    16      0.0        0.0
               XA1     8      1.0        8.0
              XA1B     2      1.0        2.0
              XA1C     4      1.0        4.0
             XNOR2     2      1.0        2.0
              XO1A     2      1.0        2.0
              XOR2    34      1.0       34.0


          DFI1E0P0     1      1.0        1.0
              DFN1    16      1.0       16.0
            DFN1C0   112      1.0      112.0
          DFN1E0C0     9      1.0        9.0
          DFN1E0P0     4      1.0        4.0
          DFN1E1C0    93      1.0       93.0
          DFN1E1P0     6      1.0        6.0
            DFN1P0     9      1.0        9.0
          FIFO4K18     2      0.0        0.0
                   -----          ----------
             TOTAL   673               639.0


  IO Cell usage:
              cell count
            CLKBUF     2
             INBUF     4
            OUTBUF     6
                   -----
             TOTAL    12


Core Cells         : 639 of 24576 (3%)
IO Cells           : 12

  RAM/ROM Usage Summary
Block Rams : 2 of 32 (6%)

