

@S |Clock Optimization Summary


#### START OF CLOCK OPTIMIZATION REPORT #####[

Clock optimization not enabled
1 non-gated/non-generated clock tree(s) driving 270 clock pin(s) of sequential element(s)
3 gated/generated clock tree(s) driving 18 clock pin(s) of sequential element(s)
0 instances converted, 18 sequential instances remain driven by gated/generated clocks

================================= Non-Gated/Non-Generated Clocks ==================================
Clock Tree ID     Driving Element     Drive Element Type     Fanout     Sample Instance            
---------------------------------------------------------------------------------------------------
@K:CKID0004       PCLK                port                   270        I2C_test_0.current_state[4]
===================================================================================================
=========================================================================================== Gated/Generated Clocks ============================================================================================
Clock Tree ID     Driving Element                                      Drive Element Type     Fanout     Sample Instance               Explanation                                                             
---------------------------------------------------------------------------------------------------------------------------------------------------------------------------------------------------------------
@K:CKID0001       COREI2C_0.I2C_NUM_GENERATION[0].ui2c.SCLO_int        DFN1P0                 10         I2C_test_0.ACK_count[3]       No generated or derived clock directive on output of sequential instance
@K:CKID0002       COREI2C_1.I2C_NUM_GENERATION[0].ui2c.sercon_0[3]     DFN1C0                 4          I2C_slave_0.data_count[3]     No generated or derived clock directive on output of sequential instance
@K:CKID0003       COREI2C_0.I2C_NUM_GENERATION[0].ui2c.sercon_0[3]     DFN1C0                 4          I2C_test_0.data_count[3]      No generated or derived clock directive on output of sequential instance
===============================================================================================================================================================================================================


##### END OF CLOCK OPTIMIZATION REPORT ######]

